pakala_ccd_base.json
sm8735_default_sensors.json
sm8735_dynamic_sensors.json
sm8735_irq.json
sm8735_power_0.json
sm8735_icm4x6xx_0.json
sm8735_mmc56x3x_0.json
sm8735_qmc6308_0.json
sm8735_sip1328.json
sm8735_tsl2522_fb_0.json
sm8735_lsm6dsv_0.json
sm8735_aw963xx_0.json
sm8735_aw963xx_0_sar_register.json
sm8735_ak7323.json
ak7323.json
sns_dbtap.json
sns_nonui.json
sns_pointing_light_source.json
sns_sar_algo.json
sns_gyro_cal_dynamic.json
qsh_camera_common.json
sns_amd.json
sns_amd_sw_disabled.json
sns_amd_sw_enabled.json
sns_aont.json
sns_basic_gestures.json
sns_bring_to_ear.json
sns_ccd_v1_0_amd.json
sns_ccd_v1_0_ttw.json
sns_ccd_v2_0_walk.json
sns_ccd_v3_0_walk.json
sns_ccd_v3_1_walk.json
sns_ccd_v4_0_sensors.json
sns_ccd_v4_0_te_cd_regs.json
sns_ccd_v5_0.json
sns_ccd_v6_0.json
sns_ccd_v5_0_te_cd_regs.json
sns_ccd_v5_1_te_cd_regs.json
sns_ccd_v6_0_te_cd_regs.json
sns_ccd_v6_0_sensors.json
sns_cm.json
sns_dae.json
sns_device_orient.json
sns_diag_filter.json
sns_direct_channel.json
sns_distance_bound.json
sns_dpc.json
sns_facing.json
sns_flight_md.json
sns_fmv.json
sns_fmv_legacy.json
sns_gyro_cal.json
sns_heart_rate.json
sns_mag_cal.json
sns_mag_cal_legacy.json
sns_multishake.json
sns_offbody_detect_phone.json
sns_pedometer.json
sns_presence_detect.json
sns_psd_disable.json
sns_psd_enable.json
sns_rmd.json
sns_rotv.json
sns_smd.json
sns_tilt.json
sns_tilt_sw_disabled.json
sns_tilt_sw_enabled.json
sns_tilt_to_wake.json
sns_transport_ppe.json
sns_wrist_pedo.json
sns_aod.json
sns_screen_down.json
sns_oem_pocket.json
pakala_qsh_ble_0.json
qsh_ble.json
sns_healthy_use_of_mobile.json
chre_dynamic_sensors.json
sns_collision_detection.json
qsh_camera_aon_front_i_1.json
qsh_camera_aon_front_ii_1.json
